// Jest Snapshot v1, https://goo.gl/fbAQLP

exports[`Pruebas unitarias del componente <AddCategory/> Validar que el componente sea valido 1`] = `
<form
  onSubmit={[Function]}
>
  <p />
  <input
    onChange={[Function]}
    type="text"
    value=""
  />
</form>
`;
